MemTotal:         825088 kB
MemFree:           69616 kB
MemAvailable:     102680 kB
Buffers:               4 kB
Cached:           147828 kB
SwapCached:         3524 kB
Active:           138440 kB
Inactive:         179912 kB
Active(anon):     108268 kB
Inactive(anon):   107728 kB
Active(file):      30172 kB
Inactive(file):    72184 kB
Unevictable:       44672 kB
Mlocked:               0 kB
SwapTotal:       1966076 kB
SwapFree:         351908 kB
Dirty:               116 kB
Writeback:            16 kB
AnonPages:        212592 kB
Mapped:            24784 kB
Shmem:             45048 kB
KReclaimable:      75288 kB
Slab:             274848 kB
SReclaimable:      75288 kB
SUnreclaim:       199560 kB
KernelStack:       15428 kB
PageTables:        62748 kB
NFS_Unstable:          0 kB
Bounce:                0 kB
WritebackTmp:          0 kB
CommitLimit:     2378620 kB
Committed_AS:    6997980 kB
VmallocTotal:   34359738367 kB
VmallocUsed:           0 kB
VmallocChunk:          0 kB
Percpu:             5824 kB
HardwareCorrupted:     0 kB
AnonHugePages:         0 kB
ShmemHugePages:        0 kB
ShmemPmdMapped:        0 kB
HugePages_Total:       0
HugePages_Free:        0
HugePages_Rsvd:        0
HugePages_Surp:        0
Hugepagesize:       2048 kB
Hugetlb:               0 kB
DirectMap4k:      309092 kB
DirectMap2M:      739328 kB
